================================================================================
HANA INSTANCE DIAGNOSTIC REPORT
================================================================================
Diagnostic ID: diag_ZO3_20260409_121512
Timestamp: 2026-04-09T12:15:12.895994
Instance: vlgdbzo3
SID: ZO3
Instance Number: 02
================================================================================

Overall Status: WARNING
Issues Detected: 3

ISSUES:
  - memory_usage: Warning detected
  - backup_status: Warning detected
  - system_parameters: Warning detected

================================================================================
DIAGNOSTIC CHECKS
================================================================================


────────────────────────────────────────────────────────────────────────────────
CHECK: PROCESS_STATUS
────────────────────────────────────────────────────────────────────────────────
Status: success
Severity: ok
all_green: True
processes: [{'name': 'hdbdaemon', 'description': 'HDB Daemon', 'status': 'GREEN', 'text_status': 'Running', 'start_time': '2026 04 04 00:23:32', 'elapsed': '128:21:43', 'pid': '5172'}, {'name': 'hdbcompileserver', 'description': 'HDB Compileserver', 'status': 'GREEN', 'text_status': 'Running', 'start_time': '2026 04 04 00:23:47', 'elapsed': '128:21:28', 'pid': '5448'}, {'name': 'hdbdiserver', 'description': 'HDB Deployment Infrastructure Server-ZO3', 'status': 'GREEN', 'text_status': 'Running', 'start_time': '2026 04 04 00:25:17', 'elapsed': '128:19:58', 'pid': '6745'}, {'name': 'hdbdocstore', 'description': 'HDB DocStore-ZO3', 'status': 'GREEN', 'text_status': 'Running', 'start_time': '2026 04 04 00:23:47', 'elapsed': '128:21:28', 'pid': '5484'}, {'name': 'hdbdpserver', 'description': 'HDB DPserver-ZO3', 'status': 'GREEN', 'text_status': 'Running', 'start_time': '2026 04 04 00:23:47', 'elapsed': '128:21:28', 'pid': '5487'}, {'name': 'hdbindexserver', 'description': 'HDB Indexserver-ZO3', 'status': 'GREEN', 'text_status': 'Running', 'start_time': '2026 04 04 00:23:47', 'elapsed': '128:21:28', 'pid': '5490'}, {'name': 'hdbnameserver', 'description': 'HDB Nameserver', 'status': 'GREEN', 'text_status': 'Running', 'start_time': '2026 04 04 00:23:33', 'elapsed': '128:21:42', 'pid': '5198'}, {'name': 'hdbpreprocessor', 'description': 'HDB Preprocessor', 'status': 'GREEN', 'text_status': 'Running', 'start_time': '2026 04 04 00:23:47', 'elapsed': '128:21:28', 'pid': '5451'}, {'name': 'hdbscriptserver', 'description': 'HDB Scriptserver-ZO3', 'status': 'GREEN', 'text_status': 'Running', 'start_time': '2026 04 04 00:23:47', 'elapsed': '128:21:28', 'pid': '5493'}, {'name': 'hdbwebdispatcher', 'description': 'HDB Web Dispatcher', 'status': 'GREEN', 'text_status': 'Running', 'start_time': '2026 04 04 00:25:17', 'elapsed': '128:19:58', 'pid': '6748'}, {'name': 'hdbxsengine', 'description': 'HDB XSEngine-ZO3', 'status': 'GREEN', 'text_status': 'Running', 'start_time': '2026 04 04 00:23:47', 'elapsed': '128:21:28', 'pid': '5496'}]
message: 11 processes — all GREEN

────────────────────────────────────────────────────────────────────────────────
CHECK: HDB_INFO
────────────────────────────────────────────────────────────────────────────────
Status: success
Severity: ok
message: SID: ZO3, Instance: 02, User: zo3adm, Host: vlgdbzo3

────────────────────────────────────────────────────────────────────────────────
CHECK: DISK_USAGE
────────────────────────────────────────────────────────────────────────────────
Status: success
Severity: ok
partitions: [{'mount': '/hana', 'size': '100G', 'used': '20G', 'avail': '81G', 'use_pct': 20}, {'mount': '/Backup_NewDB_ZO3', 'size': '177G', 'used': '17G', 'avail': '161G', 'use_pct': 10}, {'mount': '/usr/sap/ZO3', 'size': '10G', 'used': '43M', 'avail': '10G', 'use_pct': 1}, {'mount': '/hana/data/ZO3', 'size': '300G', 'used': '152G', 'avail': '149G', 'use_pct': 51}, {'mount': '/hana/log/ZO3', 'size': '177G', 'used': '62G', 'avail': '116G', 'use_pct': 35}]
max_usage: 51
critical_partition: /hana/data/ZO3
message: Max disk usage: 51% on /hana/data/ZO3

────────────────────────────────────────────────────────────────────────────────
CHECK: DATABASE_VERSION
────────────────────────────────────────────────────────────────────────────────
Status: success
Severity: info
version: error
message: SID: ZO3, Instance: 02, OS: Linux 5.14.21-150400.24.197-default

────────────────────────────────────────────────────────────────────────────────
CHECK: USERSTORE
────────────────────────────────────────────────────────────────────────────────
Status: success
Severity: ok
keys: ['FILE        : /usr/sap/ZO3/home/.hdb/lddbzo3/SSFS_HDB.KEY', 'ZO3SAPDBCTRL', 'SYSTEM', 'SYSMONDB', 'HANACLEANER', 'HEALER', 'BKPMON', 'SYSTEMDB', 'HEALERZO3', 'HANACLEANERZO3', 'TRANSPORT', 'DEFAULT']
missing_keys: []
key_count: 12
message: 12 keys configured

────────────────────────────────────────────────────────────────────────────────
CHECK: DATABASE_ALERTS
────────────────────────────────────────────────────────────────────────────────
Status: success
Severity: ok
alerts: []
alert_count: 0
message: No alerts

────────────────────────────────────────────────────────────────────────────────
CHECK: MEMORY_USAGE
────────────────────────────────────────────────────────────────────────────────
Status: success
Severity: warning
memory_info: {'total': '179Gi', 'used': '167Gi', 'available': '12Gi'}
usage_percent: 93.3
message: Memory: 167Gi / 179Gi (93.3% used)

────────────────────────────────────────────────────────────────────────────────
CHECK: BACKUP_STATUS
────────────────────────────────────────────────────────────────────────────────
Status: success
Severity: warning
backup_info: {'data_backup': {}, 'log_backup': {}}
message: Data backup: not found, Log backup: not found

────────────────────────────────────────────────────────────────────────────────
CHECK: SYSTEM_PARAMETERS
────────────────────────────────────────────────────────────────────────────────
Status: success
Severity: warning
parameters: {'swappiness': {'value': '10', 'expected': '10', 'status': 'ok'}, 'transparent_hugepages': {'value': 'always madvise [never]', 'expected': '[never]', 'status': 'ok'}, 'aslr': {'value': '2', 'expected': '0', 'status': 'warning'}}
all_ok: False
message: Warnings: aslr

────────────────────────────────────────────────────────────────────────────────
CHECK: TRACE_DIRECTORY
────────────────────────────────────────────────────────────────────────────────
Status: success
Severity: info
trace_directory: /usr/sap/ZO3/HDB02/lddbzo3/trace
trace_size: 2.1G
message: Trace directory size: 2.1G

================================================================================
Diagnostic completed: 2026-04-09T12:15:19.858196
Log file: C:\Users\I587436\Downloads\HanaS\hana_sentinel\logs\instance\diagnostic_ZO3_20260409_121519.log
================================================================================
