================================================================================
HANA INSTANCE DIAGNOSTIC REPORT
================================================================================
Diagnostic ID: diag_ZO3_20260305_142001
Timestamp: 2026-03-05T14:20:01.670629
Instance: vlgdbzo3
SID: ZO3
Instance Number: 00
================================================================================

Overall Status: CRITICAL
Issues Detected: 2

ISSUES:
  - process_status: 'exit_code'
  - hdb_info: 'exit_code'

================================================================================
DIAGNOSTIC CHECKS
================================================================================


────────────────────────────────────────────────────────────────────────────────
CHECK: PROCESS_STATUS
────────────────────────────────────────────────────────────────────────────────
Status: error
Severity: critical
error: 'exit_code'

────────────────────────────────────────────────────────────────────────────────
CHECK: HDB_INFO
────────────────────────────────────────────────────────────────────────────────
Status: error
Severity: critical
error: 'exit_code'

────────────────────────────────────────────────────────────────────────────────
CHECK: DISK_USAGE
────────────────────────────────────────────────────────────────────────────────
Status: error
Severity: warning
error: ssh_execute() got an unexpected keyword argument 'instance_name'

────────────────────────────────────────────────────────────────────────────────
CHECK: DATABASE_VERSION
────────────────────────────────────────────────────────────────────────────────
Status: error
Severity: info
error: 'exit_code'

────────────────────────────────────────────────────────────────────────────────
CHECK: USERSTORE
────────────────────────────────────────────────────────────────────────────────
Status: error
Severity: warning
error: 'exit_code'

────────────────────────────────────────────────────────────────────────────────
CHECK: DATABASE_ALERTS
────────────────────────────────────────────────────────────────────────────────
Status: error
Severity: info
error: 'exit_code'

────────────────────────────────────────────────────────────────────────────────
CHECK: MEMORY_USAGE
────────────────────────────────────────────────────────────────────────────────
Status: error
Severity: warning
error: ssh_execute() got an unexpected keyword argument 'instance_name'

────────────────────────────────────────────────────────────────────────────────
CHECK: BACKUP_STATUS
────────────────────────────────────────────────────────────────────────────────
Status: error
Severity: info
error: 'exit_code'

────────────────────────────────────────────────────────────────────────────────
CHECK: SYSTEM_PARAMETERS
────────────────────────────────────────────────────────────────────────────────
Status: error
Severity: warning
error: 'exit_code'

────────────────────────────────────────────────────────────────────────────────
CHECK: TRACE_DIRECTORY
────────────────────────────────────────────────────────────────────────────────
Status: error
Severity: info
error: 'exit_code'

================================================================================
Diagnostic completed: 2026-03-05T14:20:10.653089
Log file: C:\Users\I587436\Downloads\HanaS\hana_sentinel\logs\instance\diagnostic_ZO3_20260305_142010.log
================================================================================
