================================================================================
HANA INSTANCE DIAGNOSTIC REPORT
================================================================================
Diagnostic ID: diag_ZO3_20260304_234225
Timestamp: 2026-03-04T23:42:25.185654
Instance: vlgdbzo3
SID: ZO3
Instance Number: 00
================================================================================

Overall Status: CRITICAL
Issues Detected: 2

ISSUES:
  - process_status: 'exit_code'
  - hdb_info: 'exit_code'

================================================================================
DIAGNOSTIC CHECKS
================================================================================


────────────────────────────────────────────────────────────────────────────────
CHECK: PROCESS_STATUS
────────────────────────────────────────────────────────────────────────────────
Status: error
Severity: critical
error: 'exit_code'

────────────────────────────────────────────────────────────────────────────────
CHECK: HDB_INFO
────────────────────────────────────────────────────────────────────────────────
Status: error
Severity: critical
error: 'exit_code'

────────────────────────────────────────────────────────────────────────────────
CHECK: DISK_USAGE
────────────────────────────────────────────────────────────────────────────────
Status: error
Severity: warning
error: ssh_execute() got an unexpected keyword argument 'instance_name'

────────────────────────────────────────────────────────────────────────────────
CHECK: DATABASE_VERSION
────────────────────────────────────────────────────────────────────────────────
Status: error
Severity: info
error: 'exit_code'

────────────────────────────────────────────────────────────────────────────────
CHECK: USERSTORE
────────────────────────────────────────────────────────────────────────────────
Status: error
Severity: warning
error: 'exit_code'

────────────────────────────────────────────────────────────────────────────────
CHECK: DATABASE_ALERTS
────────────────────────────────────────────────────────────────────────────────
Status: error
Severity: info
error: 'exit_code'

────────────────────────────────────────────────────────────────────────────────
CHECK: MEMORY_USAGE
────────────────────────────────────────────────────────────────────────────────
Status: error
Severity: warning
error: ssh_execute() got an unexpected keyword argument 'instance_name'

────────────────────────────────────────────────────────────────────────────────
CHECK: BACKUP_STATUS
────────────────────────────────────────────────────────────────────────────────
Status: error
Severity: info
error: 'exit_code'

────────────────────────────────────────────────────────────────────────────────
CHECK: SYSTEM_PARAMETERS
────────────────────────────────────────────────────────────────────────────────
Status: error
Severity: warning
error: 'exit_code'

────────────────────────────────────────────────────────────────────────────────
CHECK: TRACE_DIRECTORY
────────────────────────────────────────────────────────────────────────────────
Status: error
Severity: info
error: 'exit_code'

================================================================================
Diagnostic completed: 2026-03-04T23:42:51.374027
Log file: C:\Users\I587436\Downloads\HanaS\hana_sentinel\logs\instance\diagnostic_ZO3_20260304_234251.log
================================================================================
