================================================================================
HANA INSTANCE DIAGNOSTIC REPORT
================================================================================
Diagnostic ID: diag_ZO3_20260309_205922
Timestamp: 2026-03-09T20:59:22.305930
Instance: vlgdbzo3
SID: ZO3
Instance Number: 00
================================================================================

Overall Status: CRITICAL
Issues Detected: 1

ISSUES:
  - process_status: 09.03.2026 16:29:23
GetProcessList
FAIL: NIECONN_REFUSED (Connection refused), NiRawConnect failed in plugin_fopen()

================================================================================
DIAGNOSTIC CHECKS
================================================================================


────────────────────────────────────────────────────────────────────────────────
CHECK: PROCESS_STATUS
────────────────────────────────────────────────────────────────────────────────
Status: error
Severity: critical
error: 09.03.2026 16:29:23
GetProcessList
FAIL: NIECONN_REFUSED (Connection refused), NiRawConnect failed in plugin_fopen()

────────────────────────────────────────────────────────────────────────────────
CHECK: HDB_INFO
────────────────────────────────────────────────────────────────────────────────
Status: success
Severity: ok
message: SID: ZO3, Instance: 00, User: zo3adm, Host: vlgdbzo3

────────────────────────────────────────────────────────────────────────────────
CHECK: DISK_USAGE
────────────────────────────────────────────────────────────────────────────────
Status: success
Severity: ok
partitions: [{'mount': '/Backup_NewDB_ZO3', 'size': '177G', 'used': '8.5G', 'avail': '169G', 'use_pct': 5}, {'mount': '/hana', 'size': '100G', 'used': '20G', 'avail': '81G', 'use_pct': 20}, {'mount': '/usr/sap/ZO3', 'size': '10G', 'used': '43M', 'avail': '10G', 'use_pct': 1}, {'mount': '/hana/data/ZO3', 'size': '300G', 'used': '152G', 'avail': '149G', 'use_pct': 51}, {'mount': '/hana/log/ZO3', 'size': '177G', 'used': '62G', 'avail': '116G', 'use_pct': 35}]
max_usage: 51
critical_partition: /hana/data/ZO3
message: Max disk usage: 51% on /hana/data/ZO3

────────────────────────────────────────────────────────────────────────────────
CHECK: DATABASE_VERSION
────────────────────────────────────────────────────────────────────────────────
Status: success
Severity: info
version: error
message: SID: ZO3, Instance: 00, OS: Linux 5.14.21-150400.24.194-default

────────────────────────────────────────────────────────────────────────────────
CHECK: USERSTORE
────────────────────────────────────────────────────────────────────────────────
Status: success
Severity: ok
keys: ['FILE        : /usr/sap/ZO3/home/.hdb/lddbzo3/SSFS_HDB.KEY', 'ZO3SAPDBCTRL', 'SYSTEM', 'SYSMONDB', 'HANACLEANER', 'HEALER', 'BKPMON', 'SYSTEMDB', 'HEALERZO3', 'HANACLEANERZO3', 'TRANSPORT', 'DEFAULT']
missing_keys: []
key_count: 12
message: 12 keys configured

────────────────────────────────────────────────────────────────────────────────
CHECK: DATABASE_ALERTS
────────────────────────────────────────────────────────────────────────────────
Status: success
Severity: ok
alerts: []
alert_count: 0
message: No alerts

────────────────────────────────────────────────────────────────────────────────
CHECK: MEMORY_USAGE
────────────────────────────────────────────────────────────────────────────────
Status: success
Severity: ok
memory_info: {'total': '179Gi', 'used': '6.8Gi', 'available': '173Gi'}
usage_percent: 3.8
message: Memory: 6.8Gi / 179Gi (3.8% used)

────────────────────────────────────────────────────────────────────────────────
CHECK: BACKUP_STATUS
────────────────────────────────────────────────────────────────────────────────
Status: success
Severity: warning
backup_info: {'data_backup': {'exists': False, 'path': '/hdb/ZO3/backup/data'}, 'log_backup': {'exists': False, 'path': '/hdb/ZO3/backup/log'}}
message: Data backup: not found, Log backup: not found

────────────────────────────────────────────────────────────────────────────────
CHECK: SYSTEM_PARAMETERS
────────────────────────────────────────────────────────────────────────────────
Status: success
Severity: warning
parameters: {'swappiness': {'value': '10', 'expected': '10', 'status': 'ok'}, 'transparent_hugepages': {'value': 'always madvise [never]', 'expected': '[never]', 'status': 'ok'}, 'aslr': {'value': '2', 'expected': '0', 'status': 'warning'}}
all_ok: False
message: Warnings: aslr

────────────────────────────────────────────────────────────────────────────────
CHECK: TRACE_DIRECTORY
────────────────────────────────────────────────────────────────────────────────
Status: success
Severity: info
trace_directory: /usr/sap/ZO3/HDB00/*/trace
trace_size: Unknown
message: Trace directory size: Unknown

================================================================================
Diagnostic completed: 2026-03-09T20:59:32.335946
Log file: C:\Users\I587436\Downloads\HanaS\hana_sentinel\logs\instance\diagnostic_ZO3_20260309_205932.log
================================================================================
